
=== STAGE 'mode': all replicates start at the SAME projected-gradient mode of U_0 ===
  [titanic_ball] mode w* = [-3.3190e-01 -1.6850e-01 -1.4310e-01 -3.9000e-03  3.1780e-01  1.1487e+00
 -2.6000e-03 -5.8620e-01  7.0000e-04 -2.7720e-01]  U0=377.676 feasible=True
[titanic_ball] common-start, eta=3e-05, s=10, R=300
   train_logloss          rev=0.508832 nrev=0.508414 diff=-4.183e-04 se=7.48e-05 t=-5.59 win=40%
   test_logloss           rev=0.490484 nrev=0.489943 diff=-5.415e-04 se=1.72e-04 t=-3.14 win=45%
   test_brier             rev=0.156345 nrev=0.156056 diff=-2.892e-04 se=7.93e-05 t=-3.65 win=43%
   test_acc               rev=0.813948 nrev=0.818976 diff=+5.028e-03 se=5.68e-04 t=+8.85 win=55%
   last_iterate_test_acc  rev=0.805475 nrev=0.804655 diff=-8.194e-04 se=8.60e-04 t=-0.95 win=37%
   PURE MC Var(ergodic w) ratio rev/nrev pooled = 1.965; per-coord = 0.97, 1.34, 1.60, 4.25, 6.80, 1.30, 14.92, 1.25, 8.17, 2.79
   PURE MC Var(ergodic test prob) ratio = 2.320
  [titanic_lp] mode w* = [-4.3030e-01 -2.1250e-01 -1.9530e-01 -1.9200e-02  3.2920e-01  1.5659e+00
 -5.7000e-03 -7.6010e-01  9.0000e-04 -2.8650e-01]  U0=365.490 feasible=True
[titanic_lp] common-start, eta=3e-05, s=5, R=300
   train_logloss          rev=0.483771 nrev=0.483318 diff=-4.528e-04 se=8.21e-05 t=-5.52 win=44%
   test_logloss           rev=0.460669 nrev=0.460417 diff=-2.525e-04 se=1.78e-04 t=-1.42 win=48%
   test_brier             rev=0.145192 nrev=0.145016 diff=-1.761e-04 se=7.89e-05 t=-2.23 win=46%
   test_acc               rev=0.803966 nrev=0.805158 diff=+1.192e-03 se=5.83e-04 t=+2.04 win=45%
   last_iterate_test_acc  rev=0.802588 nrev=0.802719 diff=+1.304e-04 se=8.14e-04 t=+0.16 win=40%
   PURE MC Var(ergodic w) ratio rev/nrev pooled = 1.742; per-coord = 0.93, 1.30, 1.41, 3.94, 4.92, 1.12, 8.56, 1.10, 6.17, 2.37
   PURE MC Var(ergodic test prob) ratio = 2.238

total 133.1s
