  eta=1e-06 done (9s)
  eta=3e-06 done (19s)
  eta=6e-06 done (28s)
  eta=1e-05 done (37s)
  eta=1.5e-05 done (47s)
  eta=2e-05 done (56s)
    eta        s  rev_train  nrev_train  d_train  se_train  t_train  rev_test  nrev_test  proj_nrev  bad_nrev
0.00000  0.00000    0.69730     0.69730  0.00000   0.00000  0.00000   0.71494    0.71494    0.00000         0
0.00000  1.00000    0.69730     0.69968  0.00239   0.00115  2.07768   0.71494    0.71802    0.00000         0
0.00000  2.00000    0.69730     0.70369  0.00639   0.00223  2.86890   0.71494    0.72179    0.00000         0
0.00000  5.00000    0.69730     0.72110  0.02381   0.00544  4.37219   0.71494    0.74358    0.00000         0
0.00000 10.00000    0.69730     0.73792  0.04063   0.00537  7.56027   0.71494    0.76872    0.00000         0
0.00000  0.00000    0.62721     0.62721  0.00000   0.00000  0.00000   0.64036    0.64036    0.00000         0
0.00000  1.00000    0.62721     0.61710 -0.01011   0.00570 -1.77485   0.64036    0.63101    0.24714         0
0.00000  2.00000    0.62721     0.61541 -0.01180   0.00687 -1.71667   0.64036    0.63324    0.84634         0
0.00000  5.00000    0.62721     0.61871 -0.00850   0.00337 -2.51827   0.64036    0.63813    0.97391         0
0.00000 10.00000    0.62721     0.61261 -0.01461   0.00634 -2.30421   0.64036    0.63520    0.99145         0
0.00001  0.00000    0.61808     0.61808  0.00000   0.00000  0.00000   0.62291    0.62291    0.00311         0
0.00001  1.00000    0.61808     0.59912 -0.01896   0.01996 -0.95006   0.62291    0.60265    0.74664         0
0.00001  2.00000    0.61808     0.59024 -0.02784   0.01903 -1.46306   0.62291    0.59232    0.96961         0
0.00001  5.00000    0.61808     0.59428 -0.02381   0.01782 -1.33586   0.62291    0.60573    0.99365         0
0.00001 10.00000    0.61808     0.56991 -0.04817   0.01966 -2.44997   0.62291    0.56858    0.99805         0
0.00001  0.00000    0.61359     0.61359  0.00000   0.00000  0.00000   0.61117    0.61117    0.01383         0
0.00001  1.00000    0.61359     0.61285 -0.00074   0.02024 -0.03643   0.61117    0.61718    0.87360         0
0.00001  2.00000    0.61359     0.58926 -0.02433   0.01727 -1.40864   0.61117    0.58799    0.98987         0
0.00001  5.00000    0.61359     0.56201 -0.05158   0.01889 -2.73066   0.61117    0.56215    0.99770         0
0.00001 10.00000    0.61359     0.54891 -0.06468   0.01940 -3.33418   0.61117    0.54330    0.99943         0
0.00002  0.00000    0.60888     0.60888  0.00000   0.00000  0.00000   0.60796    0.60796    0.04234         0
0.00002  1.00000    0.60888     0.58550 -0.02338   0.01443 -1.62015   0.60796    0.57779    0.96359         0
0.00002  2.00000    0.60888     0.56218 -0.04670   0.01628 -2.86922   0.60796    0.56257    0.99520         0
0.00002  5.00000    0.60888     0.55744 -0.05144   0.01888 -2.72521   0.60796    0.55209    0.99890         0
0.00002 10.00000    0.60888     0.54396 -0.06492   0.02125 -3.05502   0.60796    0.53953    0.99979         0
0.00002  0.00000    0.58227     0.58227  0.00000   0.00000  0.00000   0.57402    0.57402    0.06979         0
0.00002  1.00000    0.58227     0.57346 -0.00881   0.00312 -2.82848   0.57402    0.56369    0.98782         0
0.00002  2.00000    0.58227     0.57546 -0.00681   0.01426 -0.47766   0.57402    0.58156    0.99734         0
0.00002  5.00000    0.58227     0.55794 -0.02433   0.01881 -1.29379   0.57402    0.55782    0.99939         0
0.00002 10.00000    0.58227     0.55839 -0.02388   0.01851 -1.29025   0.57402    0.55251    0.99989         0

BEST-vs-BEST on TRAINING: {
  "tag": "within100",
  "rev_eta": 1e-06,
  "rev_train": 0.6972963483146067,
  "rev_test": 0.7149441340782122,
  "nrev_eta": 1e-06,
  "nrev_s": 10.0,
  "nrev_train": 0.7379213483146068,
  "nrev_test": 0.7687150837988825,
  "gap_train": 0.04062500000000002,
  "gap_test": 0.053770949720670314
}
refine total 56s
