  eta=3e-06 done (11s)
  eta=6e-06 done (23s)
  eta=1e-05 done (34s)
  eta=1.5e-05 done (45s)
  eta=2e-05 done (57s)
  eta=3e-05 done (68s)
    eta        s  rev_train  nrev_train  d_train  se_train   t_train  rev_test  nrev_test  proj_nrev  bad_nrev
0.00000  0.00000    0.72107     0.72107  0.00000   0.00000   0.00000   0.74679    0.74679    0.00000         0
0.00000  1.00000    0.72107     0.72391  0.00284   0.00099   2.88424   0.74679    0.75098    0.00000         0
0.00000  2.00000    0.72107     0.72967  0.00860   0.00218   3.95136   0.74679    0.75768    0.00000         0
0.00000  5.00000    0.72107     0.73936  0.01829   0.00372   4.91243   0.74679    0.76997    0.00000         0
0.00000 10.00000    0.72107     0.74884  0.02777   0.00361   7.69033   0.74679    0.78226    0.00004         0
0.00000 20.00000    0.72107     0.75414  0.03308   0.00424   7.80458   0.74679    0.78268    0.09760         0
0.00001  0.00000    0.74263     0.74263  0.00000   0.00000   0.00000   0.77277    0.77277    0.00057         0
0.00001  1.00000    0.74263     0.74529  0.00267   0.00089   3.00032   0.77277    0.77374    0.00075         0
0.00001  2.00000    0.74263     0.74979  0.00716   0.00160   4.47123   0.77277    0.77849    0.00105         0
0.00001  5.00000    0.74263     0.75636  0.01373   0.00258   5.33098   0.77277    0.78575    0.00243         0
0.00001 10.00000    0.74263     0.76573  0.02310   0.00258   8.95178   0.77277    0.79190    0.04131         0
0.00001 20.00000    0.74263     0.74505  0.00242   0.00488   0.49661   0.77277    0.76802    0.41844         0
0.00001  0.00000    0.75990     0.75990  0.00000   0.00000   0.00000   0.78617    0.78617    0.00356         0
0.00001  1.00000    0.75990     0.76060  0.00070   0.00054   1.29655   0.78617    0.78701    0.00480         0
0.00001  2.00000    0.75990     0.76355  0.00365   0.00108   3.36812   0.78617    0.78953    0.00664         0
0.00001  5.00000    0.75990     0.77029  0.01039   0.00184   5.64413   0.78617    0.79134    0.02738         0
0.00001 10.00000    0.75990     0.75664 -0.00327   0.00280  -1.16636   0.78617    0.78338    0.29762         0
0.00001 20.00000    0.75990     0.69947 -0.06043   0.00313 -19.30461   0.78617    0.71173    0.75640         0
0.00002  0.00000    0.76917     0.76917  0.00000   0.00000   0.00000   0.79372    0.79372    0.01260         0
0.00002  1.00000    0.76917     0.76994  0.00077   0.00070   1.09733   0.79372    0.79441    0.01709         0
0.00002  2.00000    0.76917     0.77177  0.00260   0.00154   1.68741   0.79372    0.79218    0.04258         0
0.00002  5.00000    0.76917     0.73497 -0.03420   0.00275 -12.44196   0.79372    0.75880    0.40813         0
0.00002 10.00000    0.76917     0.71032 -0.05885   0.00330 -17.85000   0.79372    0.72989    0.71235         0
0.00002 20.00000    0.76917     0.68402 -0.08515   0.00353 -24.12001   0.79372    0.69497    0.90151         0
0.00002  0.00000    0.71647     0.71647  0.00000   0.00000   0.00000   0.73575    0.73575    0.04559         0
0.00002  1.00000    0.71647     0.68041 -0.03606   0.00611  -5.90393   0.73575    0.69679    0.33389         0
0.00002  2.00000    0.71647     0.64287 -0.07360   0.00588 -12.51921   0.73575    0.66508    0.86218         0
0.00002  5.00000    0.71647     0.66538 -0.05109   0.00611  -8.35496   0.73575    0.68436    0.96329         0
0.00002 10.00000    0.71647     0.68725 -0.02921   0.00586  -4.98198   0.73575    0.69553    0.90576         0
0.00002 20.00000    0.71647     0.67791 -0.03855   0.00656  -5.87397   0.73575    0.69176    0.94132         0
0.00003  0.00000    0.64954     0.64954  0.00000   0.00000   0.00000   0.65936    0.65936    0.13131         0
0.00003  1.00000    0.64954     0.60600 -0.04354   0.00449  -9.68883   0.65936    0.61634    0.88856         0
0.00003  2.00000    0.64954     0.60453 -0.04501   0.00387 -11.63562   0.65936    0.61899    0.98329         0
0.00003  5.00000    0.64954     0.60530 -0.04424   0.00450  -9.83096   0.65936    0.62360    0.99596         0
0.00003 10.00000    0.64954     0.61907 -0.03048   0.00584  -5.21541   0.65936    0.63841    0.99899         0
0.00003 20.00000    0.64954     0.67272  0.02317   0.00801   2.89304   0.65936    0.68520    0.97596         0

BEST-vs-BEST on TRAINING: {
  "tag": "within30",
  "rev_eta": 1.5e-05,
  "rev_train": 0.7691713483146068,
  "rev_test": 0.7937150837988827,
  "nrev_eta": 1.5e-05,
  "nrev_s": 2.0,
  "nrev_train": 0.7717696629213483,
  "nrev_test": 0.7921787709497206,
  "gap_train": 0.0025983146067415364,
  "gap_test": -0.0015363128491621136
}
refine total 68s
