  eta=3e-07 done (11s)
  eta=5e-07 done (22s)
  eta=1e-06 done (32s)
  eta=1.5e-06 done (43s)
  eta=2e-06 done (54s)
  eta=3e-06 done (65s)
    eta        s  rev_train  nrev_train  d_train  se_train  t_train  rev_test  nrev_test  proj_nrev  bad_nrev
0.00000  0.00000    0.68571     0.68571  0.00000   0.00000  0.00000   0.70321    0.70321    0.00000         0
0.00000  2.00000    0.68571     0.68915  0.00344   0.00229  1.50286   0.70321    0.70587    0.00000         0
0.00000  5.00000    0.68571     0.69930  0.01359   0.00525  2.58784   0.70321    0.71732    0.00000         0
0.00000 10.00000    0.68571     0.71570  0.02999   0.00534  5.61460   0.70321    0.73855    0.00000         0
0.00000 20.00000    0.68571     0.73114  0.04544   0.00541  8.40296   0.70321    0.75782    0.00000         0
0.00000 40.00000    0.68571     0.74133  0.05562   0.00586  9.48681   0.70321    0.76858    0.13180         0
0.00000  0.00000    0.68933     0.68933  0.00000   0.00000  0.00000   0.70824    0.70824    0.00000         0
0.00000  2.00000    0.68933     0.69357  0.00425   0.00236  1.79651   0.70824    0.71131    0.00000         0
0.00000  5.00000    0.68933     0.70769  0.01836   0.00517  3.54891   0.70824    0.72682    0.00000         0
0.00000 10.00000    0.68933     0.72876  0.03943   0.00561  7.02568   0.70824    0.75419    0.00000         0
0.00000 20.00000    0.68933     0.73683  0.04751   0.00583  8.14626   0.70824    0.76494    0.00930         0
0.00000 40.00000    0.68933     0.73841  0.04909   0.00604  8.13193   0.70824    0.76215    0.33861         0
0.00000  0.00000    0.69730     0.69730  0.00000   0.00000  0.00000   0.71494    0.71494    0.00000         0
0.00000  2.00000    0.69730     0.70369  0.00639   0.00223  2.86890   0.71494    0.72179    0.00000         0
0.00000  5.00000    0.69730     0.72110  0.02381   0.00544  4.37219   0.71494    0.74358    0.00000         0
0.00000 10.00000    0.69730     0.73792  0.04063   0.00537  7.56027   0.71494    0.76872    0.00000         0
0.00000 20.00000    0.69730     0.74140  0.04410   0.00568  7.76345   0.71494    0.76983    0.29639         0
0.00000 40.00000    0.69730     0.71657  0.01928   0.00543  3.54985   0.71494    0.73547    0.71329         0
0.00000  0.00000    0.69150     0.69150  0.00000   0.00000  0.00000   0.71257    0.71257    0.00000         0
0.00000  2.00000    0.69150     0.69680  0.00530   0.00279  1.89833   0.71257    0.71746    0.00000         0
0.00000  5.00000    0.69150     0.72152  0.03002   0.00584  5.13626   0.71257    0.74483    0.02721         0
0.00000 10.00000    0.69150     0.71236  0.02086   0.00499  4.17936   0.71257    0.73128    0.45262         0
0.00000 20.00000    0.69150     0.69719  0.00569   0.00525  1.08350   0.71257    0.70894    0.77491         0
0.00000 40.00000    0.69150     0.69649  0.00499   0.00587  0.84980   0.71257    0.70587    0.87675         0
0.00000  0.00000    0.63427     0.63427  0.00000   0.00000  0.00000   0.65237    0.65237    0.00000         0
0.00000  2.00000    0.63427     0.63648  0.00221   0.00339  0.65248   0.65237    0.65349    0.26148         0
0.00000  5.00000    0.63427     0.63469  0.00042   0.00589  0.07156   0.65237    0.65670    0.87374         0
0.00000 10.00000    0.63427     0.66282  0.02855   0.00713  4.00184   0.65237    0.68198    0.95916         0
0.00000 20.00000    0.63427     0.67570  0.04143   0.00800  5.18026   0.65237    0.69036    0.96084         0
0.00000 40.00000    0.63427     0.69105  0.05678   0.00635  8.93989   0.65237    0.70098    0.93590         0
0.00000  0.00000    0.62721     0.62721  0.00000   0.00000  0.00000   0.64036    0.64036    0.00000         0
0.00000  2.00000    0.62721     0.61541 -0.01180   0.00687 -1.71667   0.64036    0.63324    0.84634         0
0.00000  5.00000    0.62721     0.61871 -0.00850   0.00337 -2.51827   0.64036    0.63813    0.97391         0
0.00000 10.00000    0.62721     0.61261 -0.01461   0.00634 -2.30421   0.64036    0.63520    0.99145         0
0.00000 20.00000    0.62721     0.61777 -0.00945   0.00904 -1.04520   0.64036    0.63980    0.99840         0
0.00000 40.00000    0.62721     0.63097  0.00376   0.00962  0.39058   0.64036    0.65154    0.99928         0

BEST-vs-BEST on TRAINING: {
  "tag": "within100",
  "rev_eta": 1e-06,
  "rev_train": 0.6972963483146067,
  "rev_test": 0.7149441340782122,
  "nrev_eta": 1e-06,
  "nrev_s": 20.0,
  "nrev_train": 0.7413974719101124,
  "nrev_test": 0.769832402234637,
  "gap_train": 0.044101123595505665,
  "gap_test": 0.05488826815642478
}
refine total 65s
