  eta=3e-09 done (25s)
  eta=1e-08 done (49s)
  eta=3e-08 done (75s)
    eta        s  rev_train  nrev_train  d_train  se_train  t_train  rev_test  nrev_test  proj_nrev  bad_nrev
0.00000  0.00000    0.56784     0.56784  0.00000   0.00000  0.00000   0.57870    0.57870    0.00000         0
0.00000 10.00000    0.56784     0.54172 -0.02612   0.02365 -1.10406   0.57870    0.55110    0.00000         0
0.00000 20.00000    0.56784     0.55635 -0.01149   0.02764 -0.41560   0.57870    0.56698    0.00000         0
0.00000 40.00000    0.56784     0.64140  0.07356   0.02186  3.36545   0.57870    0.64755    0.01525         0
0.00000  0.00000    0.57811     0.57811  0.00000   0.00000  0.00000   0.58805    0.58805    0.00000         0
0.00000 10.00000    0.57811     0.58001  0.00191   0.02421  0.07871   0.58805    0.58801    0.00000         0
0.00000 20.00000    0.57811     0.68691  0.10881   0.01984  5.48453   0.58805    0.68875    0.00542         0
0.00000 40.00000    0.57811     0.71175  0.13364   0.02074  6.44396   0.58805    0.71194    0.15467         0
0.00000  0.00000    0.53661     0.53661  0.00000   0.00000  0.00000   0.54368    0.54368    0.00000         0
0.00000 10.00000    0.53661     0.65459  0.11797   0.00814 14.48583   0.54368    0.65638    0.85292         0
0.00000 20.00000    0.53661     0.67175  0.13514   0.00811 16.66018   0.54368    0.67483    0.94300         0
0.00000 40.00000    0.53661     0.69820  0.16158   0.00815 19.83119   0.54368    0.70218    0.98800         0

BEST-vs-BEST on TRAINING: {
  "tag": "within100",
  "rev_eta": 1e-08,
  "rev_train": 0.5781058315807921,
  "rev_test": 0.588054241149667,
  "nrev_eta": 1e-08,
  "nrev_s": 40.0,
  "nrev_train": 0.7117480502979321,
  "nrev_test": 0.7119369961444093,
  "gap_train": 0.13364221871714,
  "gap_test": 0.12388275499474233
}
refine total 75s
REFDONE
