  eta=1e-10 done (12s)
  eta=1e-09 done (24s)
  eta=1e-08 done (36s)
  eta=1e-07 done (48s)
    eta        s  rev_train  nrev_train  d_train  se_train  t_train  rev_test  nrev_test  proj_nrev  bad_nrev
0.00000  0.00000    0.50407     0.50407  0.00000   0.00000  0.00000   0.50735    0.50735    0.00000         0
0.00000 20.00000    0.50407     0.50398 -0.00010   0.00040 -0.23978   0.50735    0.50728    0.00000         0
0.00000  0.00000    0.51712     0.51712  0.00000   0.00000  0.00000   0.52535    0.52535    0.00000         0
0.00000 20.00000    0.51712     0.52061  0.00349   0.00812  0.42924   0.52535    0.52894    0.00000         0
0.00000  0.00000    0.57811     0.57811  0.00000   0.00000  0.00000   0.58805    0.58805    0.00000         0
0.00000 20.00000    0.57811     0.68691  0.10881   0.01984  5.48453   0.58805    0.68875    0.00542         0
0.00000  0.00000    0.54405     0.54405  0.00000   0.00000  0.00000   0.55157    0.55157    0.00000         0
0.00000 20.00000    0.54405     0.50091 -0.04314   0.01325 -3.25477   0.55157    0.49965    0.99492         0

BEST-vs-BEST on TRAINING: {
  "tag": "within100",
  "rev_eta": 1e-08,
  "rev_train": 0.5781058315807921,
  "rev_test": 0.588054241149667,
  "nrev_eta": 1e-08,
  "nrev_s": 20.0,
  "nrev_train": 0.686911255695759,
  "nrev_test": 0.6887486855941115,
  "gap_train": 0.10880542411496685,
  "gap_test": 0.10069444444444453
}
refine total 48s
