  [base] done (23s)
  [lam50] done (46s)
  [lam200] done (69s)
  [tight_r2] done (93s)
  [within10] done (117s)
  [within30] done (140s)
  [between10] done (164s)
  [w10_lam50] done (187s)
  [w10_tight] done (211s)
  [w10_lp] done (301s)

=== screen: paired TRAIN gap, per config, best (eta,s) cell by d_train ===
      base  best d_train +0.0072 (t=+2.40) at eta=1e-05 s=5   rev_train=0.7861 nrev_train=0.7934
     lam50  best d_train +0.0207 (t=+3.23) at eta=1e-05 s=5   rev_train=0.7122 nrev_train=0.7329
    lam200  best d_train +0.0008 (t=+0.30) at eta=1e-06 s=1   rev_train=0.5916 nrev_train=0.5924
  tight_r2  best d_train +0.0059 (t=+2.05) at eta=1e-05 s=5   rev_train=0.7266 nrev_train=0.7325
  within10  best d_train +0.0241 (t=+4.08) at eta=1e-06 s=5   rev_train=0.6899 nrev_train=0.7140
  within30  best d_train +0.0286 (t=+5.14) at eta=1e-06 s=5   rev_train=0.6884 nrev_train=0.7170
 between10  best d_train +0.0164 (t=+5.05) at eta=1e-05 s=5   rev_train=0.7652 nrev_train=0.7816
 w10_lam50  best d_train +0.0177 (t=+3.28) at eta=1e-06 s=5   rev_train=0.6932 nrev_train=0.7110
 w10_tight  best d_train +0.0035 (t=+2.60) at eta=1e-06 s=5   rev_train=0.7057 nrev_train=0.7092
    w10_lp  best d_train +0.0277 (t=+4.44) at eta=1e-06 s=5   rev_train=0.6899 nrev_train=0.7175

=== screen: BEST-vs-BEST on TRAINING accuracy (each arm at its own best eta) ===
      tag  rev_eta  rev_train  rev_test  nrev_eta  nrev_s  nrev_train  nrev_test  gap_train  gap_test
     base   0.0000     0.7999    0.8059    0.0001  5.0000      0.8014     0.8088     0.0015    0.0030
    lam50   0.0001     0.7720    0.7839    0.0001  1.0000      0.7724     0.7818     0.0004   -0.0021
   lam200   0.0001     0.6170    0.6145    0.0000  1.0000      0.6167     0.6145    -0.0003    0.0000
 tight_r2   0.0000     0.7335    0.7301    0.0000  1.0000      0.7351     0.7341     0.0016    0.0040
 within10   0.0000     0.7844    0.8045    0.0000  1.0000      0.7840     0.8041    -0.0004   -0.0003
 within30   0.0000     0.7556    0.7853    0.0000  5.0000      0.7667     0.7895     0.0111    0.0042
between10   0.0000     0.7864    0.7825    0.0000  5.0000      0.7875     0.7842     0.0011    0.0017
w10_lam50   0.0001     0.7638    0.7849    0.0001  1.0000      0.7652     0.7860     0.0014    0.0010
w10_tight   0.0000     0.7423    0.7706    0.0000  5.0000      0.7424     0.7694     0.0001   -0.0012
   w10_lp   0.0000     0.7682    0.7929    0.0000  1.0000      0.7683     0.7935     0.0001    0.0005

screen total 301s   runs=300
